// Jest Snapshot v1, https://goo.gl/fbAQLP

exports[`CardGenerator #generateCard should create a card that matches snapshot 1`] = `
Array [
  3,
  9,
  13,
  7,
  14,
  10,
  15,
  11,
  12,
  5,
  2,
  4,
  0,
  6,
  13,
  8,
  2,
  12,
  9,
  5,
  13,
  2,
  1,
  6,
  3,
]
`;

exports[`CardGenerator #generateCard should create a card that matches snapshot with different shuffle iteration 1`] = `
Array [
  5,
  8,
  15,
  10,
  11,
  1,
  13,
  11,
  3,
  12,
  11,
  10,
  0,
  5,
  13,
  8,
  7,
  11,
  4,
  1,
  13,
  1,
  10,
  5,
  15,
]
`;

exports[`CardGenerator #generateCard should create a card that matches snapshot with no free space 1`] = `
Array [
  3,
  9,
  13,
  7,
  14,
  10,
  15,
  11,
  12,
  5,
  2,
  4,
  6,
  13,
  10,
  8,
  2,
  12,
  9,
  5,
  13,
  2,
  1,
  6,
  3,
]
`;

exports[`CardGenerator #generateCards should fail if too many duplicates 1`] = `
Array [
  Array [
    1,
    2,
    3,
    4,
    5,
    1,
    2,
    3,
    4,
    5,
    1,
    2,
    3,
    4,
    5,
    1,
    2,
    3,
    4,
    5,
    1,
    2,
    3,
    4,
    5,
  ],
]
`;

exports[`CardGenerator #generateCards should generate a card set 1`] = `
Array [
  Array [
    3,
    9,
    13,
    7,
    14,
    10,
    15,
    11,
    12,
    5,
    2,
    4,
    0,
    6,
    13,
    8,
    2,
    12,
    9,
    5,
    13,
    2,
    1,
    6,
    3,
  ],
  Array [
    11,
    1,
    3,
    4,
    12,
    10,
    4,
    15,
    7,
    6,
    10,
    2,
    0,
    7,
    9,
    15,
    13,
    3,
    9,
    5,
    1,
    8,
    10,
    2,
    7,
  ],
]
`;

exports[`CardGenerator #generateCards should remove duplicates 1`] = `
Array [
  Array [
    1,
    2,
    3,
    4,
    5,
    1,
    2,
    3,
    4,
    5,
    1,
    2,
    3,
    4,
    5,
    1,
    2,
    3,
    4,
    5,
    1,
    2,
    3,
    4,
    5,
  ],
  Array [
    11,
    12,
    13,
    14,
    15,
    11,
    12,
    13,
    14,
    15,
    11,
    12,
    13,
    14,
    15,
    11,
    12,
    13,
    14,
    15,
    11,
    12,
    13,
    14,
    15,
  ],
]
`;
